
> dj-frontend@1.0.0 build
> ng build

node.exe : - Building...
At line:1 char:1
+ & "C:\Program Files\nodejs/node.exe" "C:\Program Files\nodejs/node_mo ...
+ ~~~~~~~~~~~~~~~~~~~~~~~~~~~~~~~~~~~~~~~~~~~~~~~~~~~~~~~~~~~~~~~~~~~~~
    + CategoryInfo          : NotSpecified: (- Building...:String) [], RemoteE 
   xception
    + FullyQualifiedErrorId : NativeCommandError
 

Application bundle generation failed. [6.742 seconds]

Γû▓ [WARNING] NG8107: The left side of this optional chain operation does not 
include 'null' or 'undefined' in its type, therefore the '?.' operator can be 
replaced with the '.' operator. [plugin angular-compiler]

    src/app/features/admin/dashboard/admin-dashboard.component.ts:124:72:
      124 Γöé ...lass="px-4 py-3 text-stone-500 text-sm">{{ b.client?.name 
}}</td>
          Γò╡                                                         ~~~~


Γû▓ [WARNING] NG8107: The left side of this optional chain operation does not 
include 'null' or 'undefined' in its type, therefore the '?.' operator can be 
replaced with the '.' operator. [plugin angular-compiler]

    src/app/features/admin/dashboard/admin-dashboard.component.ts:126:73:
      126 Γöé ...ass="px-4 py-3 text-stone-500 text-sm">{{ b.package?.name 
}}</td>
          Γò╡                                                         ~~~~


Γû▓ [WARNING] NG8107: The left side of this optional chain operation does not 
include 'null' or 'undefined' in its type, therefore the '?.' operator can be 
replaced with the '.' operator. [plugin angular-compiler]

    
src/app/features/dashboard/booking-detail/booking-detail.component.ts:37:94:
      37 Γöé ...e-900 mb-2">{{ booking.venue?.name }}, {{ booking.venue?.city 
}...
         Γò╡                                  ~~~~


Γû▓ [WARNING] NG8107: The left side of this optional chain operation does not 
include 'null' or 'undefined' in its type, therefore the '?.' operator can be 
replaced with the '.' operator. [plugin angular-compiler]

    
src/app/features/dashboard/booking-detail/booking-detail.component.ts:37:121:
      37 Γöé ...00 mb-2">{{ booking.venue?.name }}, {{ booking.venue?.city 
}}</h1>
         Γò╡                                                          ~~~~


Γû▓ [WARNING] NG8107: The left side of this optional chain operation does not 
include 'null' or 'undefined' in its type, therefore the '?.' operator can be 
replaced with the '.' operator. [plugin angular-compiler]

    
src/app/features/dashboard/booking-detail/booking-detail.component.ts:52:76:
      52 Γöé ...ass="text-stone-800 text-right">{{ booking.venue?.name 
}}</strong>
         Γò╡                                                      ~~~~


Γû▓ [WARNING] NG8107: The left side of this optional chain operation does not 
include 'null' or 'undefined' in its type, therefore the '?.' operator can be 
replaced with the '.' operator. [plugin angular-compiler]

    
src/app/features/dashboard/booking-detail/booking-detail.component.ts:56:90:
      56 Γöé ...-[200px]">{{ booking.venue?.address }}, {{ booking.venue?.city 
...
         Γò╡                                ~~~~~~~


Γû▓ [WARNING] NG8107: The left side of this optional chain operation does not 
include 'null' or 'undefined' in its type, therefore the '?.' operator can be 
replaced with the '.' operator. [plugin angular-compiler]

    
src/app/features/dashboard/booking-detail/booking-detail.component.ts:56:120:
      56 Γöé ...">{{ booking.venue?.address }}, {{ booking.venue?.city 
}}</strong>
         Γò╡                                                      ~~~~


Γû▓ [WARNING] NG8107: The left side of this optional chain operation does not 
include 'null' or 'undefined' in its type, therefore the '?.' operator can be 
replaced with the '.' operator. [plugin angular-compiler]

    
src/app/features/dashboard/booking-detail/booking-detail.component.ts:75:67:
      75 Γöé ...strong class="text-stone-800">{{ booking.package?.name 
}}</strong>
         Γò╡                                                      ~~~~


Γû▓ [WARNING] NG8107: The left side of this optional chain operation does not 
include 'null' or 'undefined' in its type, therefore the '?.' operator can be 
replaced with the '.' operator. [plugin angular-compiler]

    
src/app/features/dashboard/booking-detail/booking-detail.component.ts:79:67:
      79 Γöé ...ss="text-stone-800">{{ booking.package?.duration }} 
hours</strong>
         Γò╡                                            ~~~~~~~~


X [ERROR] NG5002: Opening tag "span" not terminated. [plugin angular-compiler]

    src/app/features/admin/bookings/admin-bookings.component.ts:40:12:
      40 Γöé             <span class="text-[10px] font-bold px-1.5 py-0.5 
round...
         Γò╡             ~~~~~~~~~~~~~~~~~~~~~~~~~~~~~~~~~~~~~~~~~~~~~~~~~~~~~~


X [ERROR] NG5002: Unexpected closing tag "span". It may happen when the tag 
has already been closed by another tag. For more info see https://www.w3.org/TR
/html5/syntax.html#closing-elements-that-have-implied-end-tags [plugin 
angular-compiler]

    src/app/features/admin/bookings/admin-bookings.component.ts:40:183:
      40 Γöé ....bg-stone-100]="activeFilter!==f.key">{{ getCount(f.key) 
}}</span>
         Γò╡                                                               
~~~~~~~


X [ERROR] NG5002: Opening tag "span" not terminated. [plugin angular-compiler]

    src/app/features/dashboard/dashboard.component.ts:134:14:
      134 Γöé ...          <span class="text-[10px] font-bold px-1.5 py-0.5 
rou...
          Γò╡              ~~~~~~~~~~~~~~~~~~~~~~~~~~~~~~~~~~~~~~~~~~~~~~~~~~~~


X [ERROR] NG5002: Unexpected closing tag "span". It may happen when the tag 
has already been closed by another tag. For more info see https://www.w3.org/TR
/html5/syntax.html#closing-elements-that-have-implied-end-tags [plugin 
angular-compiler]

    src/app/features/dashboard/dashboard.component.ts:134:185:
      134 Γöé ...bg-stone-100]="activeFilter!==f.key">{{ getCount(f.key) 
}}</span>
          Γò╡                                                              
~~~~~~~


